// Jest Snapshot v1, https://goo.gl/fbAQLP

exports[`Renders without crashing 1`] = `
<Fragment>
  <Component
    aria-label="Error table"
    cells={
      Array [
        "column1",
        "column2",
        "column3",
      ]
    }
    rows={Array []}
  >
    <TableHeader />
    <TableBody />
  </Component>
  <Card>
    <CardBody>
      <Bullseye>
        <EmptyState>
          <EmptyStateIcon
            icon={[Function]}
          />
          <Title
            headingLevel="h5"
            size="lg"
          >
            ¡Ocurrió un error durante la extracción de datos!.
          </Title>
          <EmptyStateBody>
            Intente de nuevo o refresque la página.
          </EmptyStateBody>
          <EmptyStateSecondaryActions>
            <Component
              onClick={[MockFunction]}
              variant="link"
            >
              Intentar de nuevo
            </Component>
          </EmptyStateSecondaryActions>
        </EmptyState>
      </Bullseye>
    </CardBody>
  </Card>
</Fragment>
`;
